2026.05.11 14:28:35:013 >>> add >>> ok
2026.05.11 14:28:35:013 >>> divide >>> error: ZeroDivisionError 2026.05.11 14:33:21:218 >>> add >>> ok
2026.05.11 14:33:21:218 >>> get_status >>> ok
2026.05.11 14:35:25:782 >>> add >>> ok
2026.05.11 14:35:25:783 >>> get_status >>> ok
2026.05.11 14:36:31:690 >>> add >>> ok
2026.05.11 14:36:31:691 >>> get_status >>> ok
2026.05.11 14:41:49:496 >>> add >>> ok
2026.05.11 14:41:49:496 >>> get_status >>> ok
2026.05.11 15:18:48:346 >>> add >>> ok
2026.05.11 15:18:48:347 >>> get_status >>> ok
2026.05.11 15:22:30:219 >>> add >>> ok
2026.05.11 15:22:30:219 >>> multiply >>> ok
2026.05.11 15:22:30:219 >>> get_status >>> ok
2026.05.11 15:22:52:716 >>> add >>> ok
2026.05.11 15:22:52:716 >>> multiply >>> ok
2026.05.11 15:22:52:717 >>> get_status >>> ok
2026.05.11 15:25:41:326 >>> add >>> ok
2026.05.11 15:25:41:326 >>> get_status >>> ok
2026.05.11 15:29:29:721 >>> add >>> ok
2026.05.11 15:29:29:721 >>> get_status >>> ok
2026.05.11 15:46:59:316 >>> divide >>> error: ZeroDivisionError
2026.05.11 16:01:37:664 >>> divide >>> error: ZeroDivisionError
2026.05.11 16:01:45:933 >>> divide >>> error: ZeroDivisionError2026.05.11 16:46:52:673 >>> divide >>> error: ZeroDivisionError
2026.05.11 16:46:52:675 >>> divide >>> error: ZeroDivisionError
2026.05.11 16:52:22:784 >>> divide_log >>> error: ZeroDivisionError
2026.05.11 16:52:28:287 >>> divide_log >>> error: ZeroDivisionError
2026.05.11 16:55:25:005 >>> divide_log >>> error: ZeroDivisionError
2026.05.11 16:55:48:823 >>> divide_log >>> error: ZeroDivisionError
2026.05.11 16:55:52:689 >>> divide_log >>> error: ZeroDivisionError
2026.05.11 16:56:55:945 >>> divide_log >>> error: ZeroDivisionError
2026.05.11 16:57:08:572 >>> divide_log >>> error: ZeroDivisionError
2026.05.11 16:58:17:027 >>> divide_log >>> error: ZeroDivisionError
2026.05.11 17:00:06:923 >>> divide_log >>> error: ZeroDivisionError
2026.05.11 17:03:43:076 >>> divide_log >>> error: ZeroDivisionError
2026.05.11 17:03:58:750 >>> divide_log >>> error: ZeroDivisionError
2026.05.11 17:06:01:180 >>> divide_log >>> error: ZeroDivisionError
2026.05.11 17:11:30:386 >>> divide_log >>> error: ZeroDivisionError
2026.05.11 17:17:37:896 >>> divide_log >>> error: ZeroDivisionError
2026.05.11 17:22:05:180 >>> divide_log >>> error: ZeroDivisionError
2026.05.11 17:22:05:183 >>> add >>> ok
2026.05.11 17:22:17:189 >>> divide_log >>> error: ZeroDivisionError
2026.05.11 17:22:17:192 >>> add >>> ok
2026.05.11 17:23:42:619 >>> divide_log >>> error: ZeroDivisionError
2026.05.11 17:23:42:622 >>> add >>> ok
2026.05.11 17:25:50:193 >>> divide_log >>> error: ZeroDivisionError
2026.05.11 17:25:50:198 >>> add >>> ok
2026.05.11 17:25:55:185 >>> divide_log >>> error: ZeroDivisionError
2026.05.11 17:25:55:188 >>> add >>> ok
2026.05.11 17:32:47:065 >>> divide_log >>> error: ZeroDivisionError
2026.05.11 17:32:47:069 >>> add >>> ok
2026.05.11 17:32:47:071 >>> divide >>> error: ZeroDivisionError
2026.05.11 17:42:40:309 >>> divide_hello >>> ok
2026.05.11 17:42:40:312 >>> divide_log >>> error: ZeroDivisionError
2026.05.11 17:42:40:315 >>> add >>> ok
2026.05.11 17:42:40:316 >>> divide >>> error: ZeroDivisionError
2026.05.11 17:42:50:649 >>> divide_hello >>> ok
2026.05.11 17:42:50:652 >>> divide_log >>> error: ZeroDivisionError
2026.05.11 17:42:50:655 >>> add >>> ok
2026.05.11 17:42:50:656 >>> divide >>> error: ZeroDivisionError
2026.05.11 17:44:25:533 >>> divide_hello >>> ok
2026.05.11 17:44:25:536 >>> divide_log >>> error: ZeroDivisionError
2026.05.11 17:44:25:540 >>> add >>> ok
2026.05.11 17:44:25:541 >>> divide >>> error: ZeroDivisionError
2026.05.11 17:49:56:728 >>> divide_hello >>> ok
2026.05.11 17:49:56:731 >>> divide_log >>> error: ZeroDivisionError
2026.05.11 17:49:56:734 >>> add >>> ok
2026.05.11 17:49:56:735 >>> divide >>> error: ZeroDivisionError
2026.05.11 17:58:20:733 >>> divide_hello >>> ok
2026.05.11 17:58:20:756 >>> divide_log >>> error: ZeroDivisionError
2026.05.11 17:58:20:761 >>> add >>> ok
2026.05.11 17:58:20:763 >>> divide >>> error: ZeroDivisionError
2026.05.11 17:59:09:318 >>> divide_hello >>> ok
2026.05.11 17:59:09:338 >>> divide_log >>> error: ZeroDivisionError
2026.05.11 17:59:09:343 >>> add >>> ok
2026.05.11 17:59:09:345 >>> divide >>> error: ZeroDivisionError
2026.05.11 18:02:28:850 >>> divide_hello >>> ok
2026.05.11 18:02:28:872 >>> divide_log >>> error: ZeroDivisionError
2026.05.11 18:02:28:875 >>> add >>> ok
2026.05.11 18:02:28:877 >>> divide >>> error: ZeroDivisionError
2026.05.13 21:29:52:502 >>> divide_hello >>> ok
2026.05.13 21:29:52:525 >>> divide_log >>> error: ZeroDivisionError
2026.05.13 21:29:52:529 >>> add >>> ok
2026.05.13 21:29:52:531 >>> divide >>> error: ZeroDivisionError
2026.05.13 21:30:48:895 >>> divide_hello >>> ok
2026.05.13 21:30:48:916 >>> divide_log >>> error: ZeroDivisionError
2026.05.13 21:30:48:921 >>> add >>> ok
2026.05.13 21:30:48:923 >>> divide >>> error: ZeroDivisionError
2026.05.13 21:32:03:241 >>> divide_hello >>> ok
2026.05.13 21:32:03:261 >>> divide_log >>> error: ZeroDivisionError
2026.05.13 21:32:03:265 >>> add >>> ok
2026.05.13 21:32:03:267 >>> divide >>> error: ZeroDivisionError
2026.05.13 21:38:48:548 >>> divide_hello >>> ok
2026.05.13 21:38:48:566 >>> divide_log >>> error: ZeroDivisionError
2026.05.13 21:38:48:573 >>> add >>> ok
2026.05.13 21:38:48:576 >>> divide >>> error: ZeroDivisionError
2026.05.13 21:39:47:171 >>> divide_hello >>> ok
2026.05.13 21:39:47:191 >>> divide_log >>> error: ZeroDivisionError
2026.05.13 21:39:47:196 >>> add >>> ok
2026.05.13 21:39:47:199 >>> divide >>> error: ZeroDivisionError
2026.05.13 21:42:09:602 >>> divide_hello >>> ok
2026.05.13 21:42:09:622 >>> divide_log >>> error: ZeroDivisionError
2026.05.13 21:42:09:629 >>> add >>> ok
2026.05.13 21:42:09:631 >>> divide >>> error: ZeroDivisionError
2026.05.13 21:46:49:521 >>> divide_hello >>> ok
2026.05.13 21:46:59:654 >>> divide_hello >>> ok
2026.05.13 21:48:34:143 >>> divide_hello >>> ok
2026.05.13 21:50:20:611 >>> divide_hello >>> ok
2026.05.13 21:50:20:645 >>> divide_log >>> error: ZeroDivisionError
2026.05.13 21:50:20:649 >>> add >>> ok
2026.05.13 21:50:20:651 >>> divide >>> error: ZeroDivisionError
2026.05.13 21:50:52:744 >>> divide_hello >>> ok
2026.05.13 21:50:52:777 >>> divide_log >>> error: ZeroDivisionError
2026.05.13 21:50:52:781 >>> add >>> ok
2026.05.13 21:50:52:783 >>> divide >>> error: ZeroDivisionError
2026.05.13 21:51:05:235 >>> divide_hello >>> ok
2026.05.13 21:51:05:274 >>> divide_log >>> error: ZeroDivisionError
2026.05.13 21:51:05:279 >>> add >>> ok
2026.05.13 21:51:05:282 >>> divide >>> error: ZeroDivisionError
2026.05.13 21:51:32:602 >>> divide_hello >>> ok
2026.05.13 21:51:32:636 >>> divide_log >>> error: ZeroDivisionError
2026.05.13 21:51:32:640 >>> add >>> ok
2026.05.13 21:51:32:642 >>> divide >>> error: ZeroDivisionError
2026.05.13 21:51:51:370 >>> divide_hello >>> ok
2026.05.13 21:51:51:401 >>> divide_log >>> error: ZeroDivisionError
2026.05.13 21:51:51:406 >>> add >>> ok
2026.05.13 21:51:51:408 >>> divide >>> error: ZeroDivisionError
2026.05.13 21:51:58:164 >>> divide_hello >>> ok
2026.05.13 21:51:58:195 >>> divide_log >>> error: ZeroDivisionError
2026.05.13 21:51:58:199 >>> add >>> ok
2026.05.13 21:51:58:201 >>> divide >>> error: ZeroDivisionError
2026.05.16 21:22:16:321 >>> divide_hello >>> ok
2026.05.16 21:23:44:736 >>> divide_hello >>> ok
2026.05.16 21:23:44:763 >>> divide_log >>> error: ZeroDivisionError
2026.05.16 21:23:44:766 >>> add >>> ok
2026.05.16 21:23:44:768 >>> divide >>> error: ZeroDivisionError
2026.05.16 21:25:44:501 >>> divide_hello >>> ok
2026.05.16 21:28:21:655 >>> divide_hello >>> ok
2026.05.16 21:28:44:158 >>> divide_hello >>> ok
2026.05.16 21:29:01:456 >>> divide_hello >>> ok
2026.05.16 21:31:20:316 >>> divide_hello >>> ok
2026.05.16 21:31:20:475 >>> divide_log >>> error: ZeroDivisionError
2026.05.16 21:31:20:478 >>> add >>> ok
2026.05.16 21:31:20:480 >>> divide >>> error: ZeroDivisionError
2026.05.16 21:35:01:454 >>> divide_hello >>> ok
2026.05.16 21:35:01:615 >>> divide_log >>> error: ZeroDivisionError
2026.05.16 21:35:01:619 >>> add >>> ok
2026.05.16 21:35:01:620 >>> divide >>> error: ZeroDivisionError
2026.05.16 21:36:34:851 >>> divide_hello >>> ok
2026.05.16 21:36:34:987 >>> divide_log >>> error: ZeroDivisionError
2026.05.16 21:36:34:991 >>> add >>> ok
2026.05.16 21:36:34:993 >>> divide >>> error: ZeroDivisionError
2026.05.16 21:36:49:892 >>> divide_hello >>> ok
2026.05.16 21:36:50:035 >>> divide_log >>> error: ZeroDivisionError
2026.05.16 21:36:50:038 >>> add >>> ok
2026.05.16 21:36:50:039 >>> divide >>> error: ZeroDivisionError
2026.05.16 21:40:14:333 >>> divide_hello >>> ok
2026.05.16 21:40:14:476 >>> divide_log >>> error: ZeroDivisionError
2026.05.16 21:40:14:479 >>> add >>> ok
2026.05.16 21:40:14:480 >>> divide >>> error: ZeroDivisionError
2026.05.16 21:40:23:048 >>> divide_hello >>> ok
2026.05.16 21:40:23:196 >>> divide_log >>> error: ZeroDivisionError
2026.05.16 21:40:23:200 >>> add >>> ok
2026.05.16 21:40:23:202 >>> divide >>> error: ZeroDivisionError
2026.05.16 21:45:51:200 >>> divide_hello >>> ok
2026.05.16 21:45:51:362 >>> divide_log >>> error: ZeroDivisionError
2026.05.16 21:45:51:365 >>> add >>> ok
2026.05.16 21:45:51:366 >>> divide >>> error: ZeroDivisionError
2026.05.16 21:55:07:879 >>> divide_hello >>> ok
2026.05.16 21:55:34:952 >>> divide_hello >>> ok
2026.05.16 21:55:35:087 >>> divide_log >>> error: ZeroDivisionError
2026.05.16 21:55:35:090 >>> add >>> ok
2026.05.16 21:55:35:091 >>> divide >>> error: ZeroDivisionError
2026.05.16 21:56:49:705 >>> divide_hello >>> ok
2026.05.16 21:56:49:857 >>> divide_log >>> error: ZeroDivisionError
2026.05.16 21:56:49:861 >>> add >>> ok
2026.05.16 21:56:49:862 >>> divide >>> error: ZeroDivisionError
2026.05.16 21:57:32:738 >>> divide_hello >>> ok
2026.05.16 21:57:32:876 >>> divide_log >>> error: ZeroDivisionError
2026.05.16 21:57:32:879 >>> add >>> ok
2026.05.16 21:57:32:880 >>> divide >>> error: ZeroDivisionError
2026.05.16 21:57:50:062 >>> divide_hello >>> ok
2026.05.16 21:57:50:222 >>> divide_log >>> error: ZeroDivisionError
2026.05.16 21:57:50:225 >>> add >>> ok
2026.05.16 21:57:50:226 >>> divide >>> error: ZeroDivisionError
2026.05.16 21:59:18:850 >>> divide_hello >>> ok
2026.05.16 21:59:18:991 >>> divide_log >>> error: ZeroDivisionError
2026.05.16 21:59:18:993 >>> add >>> ok
2026.05.16 21:59:18:995 >>> divide >>> error: ZeroDivisionError
2026.05.17 18:50:49:842 >>> divide_hello >>> ok
2026.05.17 18:54:22:735 >>> divide_hello >>> ok
2026.05.17 18:58:56:541 >>> divide_hello >>> ok
2026.05.17 18:58:56:694 >>> divide_log >>> error: ZeroDivisionError
2026.05.17 18:58:56:697 >>> add >>> ok
2026.05.17 18:58:56:698 >>> divide >>> error: ZeroDivisionError
2026.05.17 19:01:53:633 >>> divide_hello >>> ok
2026.05.17 19:01:53:798 >>> divide_log >>> error: ZeroDivisionError
2026.05.17 19:01:53:801 >>> add >>> ok
2026.05.17 19:01:53:803 >>> divide >>> error: ZeroDivisionError
2026.05.17 19:02:44:399 >>> divide_hello >>> ok
2026.05.17 19:02:44:545 >>> divide_log >>> error: ZeroDivisionError
2026.05.17 19:02:44:549 >>> add >>> ok
2026.05.17 19:02:44:550 >>> divide >>> error: ZeroDivisionError
2026.05.17 19:03:17:642 >>> divide_hello >>> ok
2026.05.17 19:03:17:795 >>> divide_log >>> error: ZeroDivisionError
2026.05.17 19:03:17:798 >>> add >>> ok
2026.05.17 19:03:17:800 >>> divide >>> error: ZeroDivisionError
2026.05.17 19:06:37:256 >>> divide_hello >>> ok
2026.05.17 19:06:37:396 >>> divide_log >>> error: ZeroDivisionError
2026.05.17 19:06:37:399 >>> add >>> ok
2026.05.17 19:06:37:400 >>> divide >>> error: ZeroDivisionError
2026.05.17 20:44:43:071 >>> divide_hello >>> ok
2026.05.17 20:44:43:483 >>> divide_log >>> error: ZeroDivisionError
2026.05.17 20:44:43:487 >>> add >>> ok
2026.05.17 20:44:43:489 >>> divide >>> error: ZeroDivisionError
2026.05.17 20:47:55:448 >>> divide_hello >>> ok
2026.05.17 20:47:55:824 >>> divide_log >>> error: ZeroDivisionError
2026.05.17 20:47:55:828 >>> add >>> ok
2026.05.17 20:47:55:830 >>> divide >>> error: ZeroDivisionError
2026.05.17 20:49:53:401 >>> divide_hello >>> ok
2026.05.17 20:49:53:809 >>> divide_log >>> error: ZeroDivisionError
2026.05.17 20:49:53:813 >>> add >>> ok
2026.05.17 20:49:53:815 >>> divide >>> error: ZeroDivisionError
2026.05.17 21:00:27:118 >>> divide_hello >>> ok
2026.05.17 21:00:27:491 >>> divide_log >>> error: ZeroDivisionError
2026.05.17 21:00:27:495 >>> add >>> ok
2026.05.17 21:00:27:497 >>> divide >>> error: ZeroDivisionError
2026.05.17 21:11:44:645 >>> divide_hello >>> ok
2026.05.17 21:11:45:037 >>> divide_log >>> error: ZeroDivisionError
2026.05.17 21:11:45:041 >>> add >>> ok
2026.05.17 21:11:45:042 >>> divide >>> error: ZeroDivisionError
2026.05.17 21:12:25:805 >>> divide_hello >>> ok
2026.05.17 21:12:26:175 >>> divide_log >>> error: ZeroDivisionError
2026.05.17 21:12:26:179 >>> add >>> ok
2026.05.17 21:12:26:181 >>> divide >>> error: ZeroDivisionError
2026.05.17 21:14:03:709 >>> divide_hello >>> ok
2026.05.17 21:14:04:094 >>> divide_log >>> error: ZeroDivisionError
2026.05.17 21:14:04:097 >>> add >>> ok
2026.05.17 21:14:04:099 >>> divide >>> error: ZeroDivisionError
2026.05.17 21:14:24:851 >>> divide_hello >>> ok
2026.05.17 21:14:25:238 >>> divide_log >>> error: ZeroDivisionError
2026.05.17 21:14:25:242 >>> add >>> ok
2026.05.17 21:14:25:243 >>> divide >>> error: ZeroDivisionError
2026.05.17 21:15:31:232 >>> divide_hello >>> ok
2026.05.17 21:15:31:613 >>> divide_log >>> error: ZeroDivisionError
2026.05.17 21:15:31:617 >>> add >>> ok
2026.05.17 21:15:31:618 >>> divide >>> error: ZeroDivisionError
2026.05.17 21:15:40:013 >>> divide_hello >>> ok
2026.05.17 21:15:40:373 >>> divide_log >>> error: ZeroDivisionError
2026.05.17 21:15:40:376 >>> add >>> ok
2026.05.17 21:15:40:378 >>> divide >>> error: ZeroDivisionError
2026.05.17 21:15:45:234 >>> divide_hello >>> ok
2026.05.17 21:15:45:593 >>> divide_log >>> error: ZeroDivisionError
2026.05.17 21:15:45:597 >>> add >>> ok
2026.05.17 21:15:45:598 >>> divide >>> error: ZeroDivisionError
2026.05.17 21:30:38:970 >>> divide_hello >>> ok
2026.05.17 21:30:39:348 >>> divide_log >>> error: ZeroDivisionError
2026.05.17 21:30:39:351 >>> add >>> ok
2026.05.17 21:30:39:353 >>> divide >>> error: ZeroDivisionError
2026.05.17 21:31:11:693 >>> divide_hello >>> ok
2026.05.17 21:31:12:102 >>> divide_log >>> error: ZeroDivisionError
2026.05.17 21:31:12:106 >>> add >>> ok
2026.05.17 21:31:12:108 >>> divide >>> error: ZeroDivisionError
2026.05.17 21:31:24:758 >>> divide_hello >>> ok
2026.05.17 21:31:25:227 >>> divide_log >>> error: ZeroDivisionError
2026.05.17 21:31:25:231 >>> add >>> ok
2026.05.17 21:31:25:232 >>> divide >>> error: ZeroDivisionError
2026.05.17 21:31:45:904 >>> divide_hello >>> ok
2026.05.17 21:31:46:294 >>> divide_log >>> error: ZeroDivisionError
2026.05.17 21:31:46:297 >>> add >>> ok
2026.05.17 21:31:46:299 >>> divide >>> error: ZeroDivisionError
2026.05.17 21:32:21:108 >>> divide_hello >>> ok
2026.05.17 21:32:21:487 >>> divide_log >>> error: ZeroDivisionError
2026.05.17 21:32:21:492 >>> add >>> ok
2026.05.17 21:32:21:493 >>> divide >>> error: ZeroDivisionError
2026.05.17 21:34:06:773 >>> divide_hello >>> ok
2026.05.17 21:34:07:149 >>> divide_log >>> error: ZeroDivisionError
2026.05.17 21:34:07:152 >>> add >>> ok
2026.05.17 21:34:07:154 >>> divide >>> error: ZeroDivisionError
2026.05.17 21:42:21:722 >>> divide_hello >>> ok
2026.05.17 21:42:49:825 >>> divide_hello >>> ok
2026.05.17 21:43:10:242 >>> divide_hello >>> ok
2026.05.17 21:43:10:600 >>> divide_log >>> error: ZeroDivisionError
2026.05.17 21:43:10:603 >>> add >>> ok
2026.05.17 21:43:10:605 >>> divide >>> error: ZeroDivisionError
2026.05.17 21:53:19:414 >>> divide_hello >>> ok
2026.05.17 21:53:19:779 >>> divide_log >>> error: ZeroDivisionError
2026.05.17 21:53:19:782 >>> add >>> ok
2026.05.17 21:53:19:784 >>> divide >>> error: ZeroDivisionError
2026.05.18 21:40:14:772 >>> divide_hello >>> ok
2026.05.18 21:45:08:764 >>> divide_hello >>> ok
2026.05.18 21:47:18:762 >>> divide_hello >>> ok
2026.05.21 19:26:36:219 >>> divide_hello >>> ok
